[invisiblefriends.dev/index.html]
[backblue.gif]
[fade.gif]
[index.html]
[i.imgur.com/PiScrAc.gif]
[invisiblefriends.dev/assets/e608c64727815b9b.css]
[invisiblefriends.dev/assets/handshake.svg]
[cdnjs.cloudflare.com/ajax/libs/web3/1.5.2/web3.min.js]
[invisiblefriends.dev/InvsbleFriends.html]
[invisiblefriends.dev/assets/twitter-logo.svg]
[invisiblefriends.dev/invite/rndm.html]
[invisiblefriends.dev/assets/discord-logo.svg]
[invisiblefriends.dev/assets/basketball-transpa4ca.gif]
[invisiblefriends.dev/assets/appf67f.js]
[www.googletagmanager.com/gtag/js1afd]
[invisiblefriends.dev/index.html]
[invisiblefriends.dev/assets/FatFrank-Regular.bc0effe9.eot]
[invisiblefriends.dev/assets/FatFrank-Regular.bc0effe9d41d.eot]
[invisiblefriends.dev/assets/FatFrank-Regular.15cbcb57.woff]
[invisiblefriends.dev/assets/FatFrank-Regular.af55af9b.woff2]
[invisiblefriends.dev/assets/FatFrank-Regular.1d9f766c.ttf]
[invisiblefriends.dev/assets/e608c64727815b9b.css]
[invisiblefriends.dev/assets/handshake.svg]
[invisiblefriends.dev/InvsbleFriends.html]
[invisiblefriends.dev/assets/twitter-logo.svg]
[invisiblefriends.dev/invite/rndm.html]
[invisiblefriends.dev/assets/discord-logo.svg]
[invisiblefriends.dev/assets/FatFrank-Regular.bc0effe9.html]
[invisiblefriends.dev/assets/FatFrank-Regular.bc0effe9d41d.html]
[invisiblefriends.dev/assets/FatFrank-Regular.af55af9b.html]
[invisiblefriends.dev/assets/FatFrank-Regular.1d9f766c.html]
